// Jest Snapshot v1, https://goo.gl/fbAQLP

exports[`My compnent it works 1`] = `
<div>
  <section
    className="sc-iCoHVE pAoNL"
  >
    <div
      className="sc-gtssRu icipoI"
    >
      <div
        className="sc-bdnylx iyBpVC"
      >
        <div
          className="sc-gKAblj iFHmfe"
        >
          Cleanliness
        </div>
        <div
          className="sc-dlnjPT hSFbAS"
        >
          <div
            className="sc-hKFyIo fwOKMT"
          >
            <span
              className="sc-eCApGN boNXPJ"
              width="52px"
            />
          </div>
          <span
            className="sc-jSFkmK fShlEz"
          >
            2.6
          </span>
        </div>
      </div>
    </div>
    <div
      className="sc-gtssRu icipoI"
    >
      <div
        className="sc-bdnylx iyBpVC"
      >
        <div
          className="sc-gKAblj iFHmfe"
        >
          Accuracy
        </div>
        <div
          className="sc-dlnjPT hSFbAS"
        >
          <div
            className="sc-hKFyIo fwOKMT"
          >
            <span
              className="sc-eCApGN kCKcTj"
              width="65.99999999999999px"
            />
          </div>
          <span
            className="sc-jSFkmK fShlEz"
          >
            3.3
          </span>
        </div>
      </div>
    </div>
    <div
      className="sc-gtssRu icipoI"
    >
      <div
        className="sc-bdnylx iyBpVC"
      >
        <div
          className="sc-gKAblj iFHmfe"
        >
          Communication
        </div>
        <div
          className="sc-dlnjPT hSFbAS"
        >
          <div
            className="sc-hKFyIo fwOKMT"
          >
            <span
              className="sc-eCApGN kmryfK"
              width="80px"
            />
          </div>
          <span
            className="sc-jSFkmK fShlEz"
          >
            4
          </span>
        </div>
      </div>
    </div>
    <div
      className="sc-gtssRu icipoI"
    >
      <div
        className="sc-bdnylx iyBpVC"
      >
        <div
          className="sc-gKAblj iFHmfe"
        >
          Location
        </div>
        <div
          className="sc-dlnjPT hSFbAS"
        >
          <div
            className="sc-hKFyIo fwOKMT"
          >
            <span
              className="sc-eCApGN iDuDRd"
              width="78px"
            />
          </div>
          <span
            className="sc-jSFkmK fShlEz"
          >
            3.9
          </span>
        </div>
      </div>
    </div>
    <div
      className="sc-gtssRu icipoI"
    >
      <div
        className="sc-bdnylx iyBpVC"
      >
        <div
          className="sc-gKAblj iFHmfe"
        >
          Check-in
        </div>
        <div
          className="sc-dlnjPT hSFbAS"
        >
          <div
            className="sc-hKFyIo fwOKMT"
          >
            <span
              className="sc-eCApGN cimbhf"
              width="76px"
            />
          </div>
          <span
            className="sc-jSFkmK fShlEz"
          >
            3.8
          </span>
        </div>
      </div>
    </div>
    <div
      className="sc-gtssRu icipoI"
    >
      <div
        className="sc-bdnylx iyBpVC"
      >
        <div
          className="sc-gKAblj iFHmfe"
        >
          Value
        </div>
        <div
          className="sc-dlnjPT hSFbAS"
        >
          <div
            className="sc-hKFyIo fwOKMT"
          >
            <span
              className="sc-eCApGN eihZE"
              width="82px"
            />
          </div>
          <span
            className="sc-jSFkmK fShlEz"
          >
            4.1
          </span>
        </div>
      </div>
    </div>
  </section>
</div>
`;
